../Src/009.SPI_Message_RCV_IT.c:42:6:delay	16	static
../Src/009.SPI_Message_RCV_IT.c:55:6:SPI2_GPIOInits	24	static
../Src/009.SPI_Message_RCV_IT.c:86:6:SPI2_Inits	8	static
../Src/009.SPI_Message_RCV_IT.c:102:6:Slave_GPIO_InterruptPinInit	24	static
../Src/009.SPI_Message_RCV_IT.c:122:5:main	16	static
../Src/009.SPI_Message_RCV_IT.c:185:6:SPI2_IRQHandler	8	static
../Src/009.SPI_Message_RCV_IT.c:193:6:SPI_ApplicationEventCallback	16	static
../Src/009.SPI_Message_RCV_IT.c:210:6:EXTI9_5_IRQHandler	8	static
