22:06:03 **** Build of configuration Debug for project 002. Sample App ****
make -j12 all 
arm-none-eabi-gcc -mcpu=cortex-m4 -g3 -DDEBUG -c -x assembler-with-cpp -MMD -MP -MF"Startup/startup_stm32f407vgtx.d" -MT"Startup/startup_stm32f407vgtx.o" --specs=nano.specs -mfloat-abi=soft -mthumb -o "Startup/startup_stm32f407vgtx.o" "../Startup/startup_stm32f407vgtx.s"
arm-none-eabi-gcc "../Src/main.c" -mcpu=cortex-m4 -std=gnu11 -g3 -DDEBUG -DSTM32 -DSTM32F407G_DISC1 -DSTM32F4 -DSTM32F407VGTx -c -I../Inc -O0 -ffunction-sections -fdata-sections -Wall -fstack-usage -fcyclomatic-complexity -MMD -MP -MF"Src/main.d" -MT"Src/main.o" --specs=nano.specs -mfloat-abi=soft -mthumb -o "Src/main.o"
arm-none-eabi-gcc "../Src/syscalls.c" -mcpu=cortex-m4 -std=gnu11 -g3 -DDEBUG -DSTM32 -DSTM32F407G_DISC1 -DSTM32F4 -DSTM32F407VGTx -c -I../Inc -O0 -ffunction-sections -fdata-sections -Wall -fstack-usage -fcyclomatic-complexity -MMD -MP -MF"Src/syscalls.d" -MT"Src/syscalls.o" --specs=nano.specs -mfloat-abi=soft -mthumb -o "Src/syscalls.o"
arm-none-eabi-gcc "../Src/sysmem.c" -mcpu=cortex-m4 -std=gnu11 -g3 -DDEBUG -DSTM32 -DSTM32F407G_DISC1 -DSTM32F4 -DSTM32F407VGTx -c -I../Inc -O0 -ffunction-sections -fdata-sections -Wall -fstack-usage -fcyclomatic-complexity -MMD -MP -MF"Src/sysmem.d" -MT"Src/sysmem.o" --specs=nano.specs -mfloat-abi=soft -mthumb -o "Src/sysmem.o"
arm-none-eabi-gcc -o "002. Sample App.elf" @"objects.list"   -mcpu=cortex-m4 -T"H:\udemy\MCU1\Learn_bare_metal_driver_development_using_Embedded_C_MCU1\002. Sample App\STM32F407VGTX_FLASH.ld" --specs=nosys.specs -Wl,-Map="002. Sample App.map" -Wl,--gc-sections -static --specs=nano.specs -mfloat-abi=soft -mthumb -Wl,--start-group -lc -lm -Wl,--end-group
Finished building target: 002. Sample App.elf
 
arm-none-eabi-size  002.\ Sample\ App.elf 
arm-none-eabi-objdump -h -S 002.\ Sample\ App.elf  > "002. Sample App.list"
   text	   data	    bss	    dec	    hex	filename
   6208	    164	   1900	   8272	   2050	002. Sample App.elf
Finished building: default.size.stdout
 
Finished building: 002. Sample App.list
 
22:07:30 **** Incremental Build of configuration Debug for project 001. Hello World ****
make -j12 all 
arm-none-eabi-size  001.\ Hello\ World.elf 
   text	   data	    bss	    dec	    hex	filename
   3384	     92	   1900	   5376	   1500	001. Hello World.elf
Finished building: default.size.stdout
 
22:08:35 **** Incremental Build of configuration Debug for project 002. Sample App ****
make -j12 all 
arm-none-eabi-size  002.\ Sample\ App.elf 
   text	   data	    bss	    dec	    hex	filename
   6208	    164	   1900	   8272	   2050	002. Sample App.elf
Finished building: default.size.stdout
 
22:22:09 **** Incremental Build of configuration Debug for project 001. Hello World ****
make -j12 all 
arm-none-eabi-size  001.\ Hello\ World.elf 
   text	   data	    bss	    dec	    hex	filename
   3384	     92	   1900	   5376	   1500	001. Hello World.elf
Finished building: default.size.stdout
 
22:22:28 **** Incremental Build of configuration Debug for project 001. Hello World ****
make -j12 all 
arm-none-eabi-size  001.\ Hello\ World.elf 
   text	   data	    bss	    dec	    hex	filename
   3384	     92	   1900	   5376	   1500	001. Hello World.elf
Finished building: default.size.stdout
 
22:22:48 **** Incremental Build of configuration Debug for project 002. Sample App ****
make -j12 all 
arm-none-eabi-size  002.\ Sample\ App.elf 
   text	   data	    bss	    dec	    hex	filename
   6208	    164	   1900	   8272	   2050	002. Sample App.elf
Finished building: default.size.stdout
 
20:08:35 **** Build of configuration Debug for project stm32f4xx_drivers ****
make -j12 all 
arm-none-eabi-gcc -mcpu=cortex-m4 -g3 -DDEBUG -c -x assembler-with-cpp -MMD -MP -MF"Startup/startup_stm32f407vgtx.d" -MT"Startup/startup_stm32f407vgtx.o" --specs=nano.specs -mfpu=fpv4-sp-d16 -mfloat-abi=hard -mthumb -o "Startup/startup_stm32f407vgtx.o" "../Startup/startup_stm32f407vgtx.s"
arm-none-eabi-gcc "../Src/main.c" -mcpu=cortex-m4 -std=gnu11 -g3 -DDEBUG -DSTM32 -DSTM32F407G_DISC1 -DSTM32F4 -DSTM32F407VGTx -c -I../Inc -O0 -ffunction-sections -fdata-sections -Wall -fstack-usage -fcyclomatic-complexity -MMD -MP -MF"Src/main.d" -MT"Src/main.o" --specs=nano.specs -mfpu=fpv4-sp-d16 -mfloat-abi=hard -mthumb -o "Src/main.o"
arm-none-eabi-gcc "../Src/syscalls.c" -mcpu=cortex-m4 -std=gnu11 -g3 -DDEBUG -DSTM32 -DSTM32F407G_DISC1 -DSTM32F4 -DSTM32F407VGTx -c -I../Inc -O0 -ffunction-sections -fdata-sections -Wall -fstack-usage -fcyclomatic-complexity -MMD -MP -MF"Src/syscalls.d" -MT"Src/syscalls.o" --specs=nano.specs -mfpu=fpv4-sp-d16 -mfloat-abi=hard -mthumb -o "Src/syscalls.o"
arm-none-eabi-gcc "../Src/sysmem.c" -mcpu=cortex-m4 -std=gnu11 -g3 -DDEBUG -DSTM32 -DSTM32F407G_DISC1 -DSTM32F4 -DSTM32F407VGTx -c -I../Inc -O0 -ffunction-sections -fdata-sections -Wall -fstack-usage -fcyclomatic-complexity -MMD -MP -MF"Src/sysmem.d" -MT"Src/sysmem.o" --specs=nano.specs -mfpu=fpv4-sp-d16 -mfloat-abi=hard -mthumb -o "Src/sysmem.o"
../Src/main.c:22:4: warning: #warning "FPU is not initialized, but the project is compiling for an FPU. Please initialize the FPU before use." [-Wcpp]
   22 |   #warning "FPU is not initialized, but the project is compiling for an FPU. Please initialize the FPU before use."
      |    ^~~~~~~
../Src/main.c:24:10: fatal error: stm32f407xx.h: No such file or directory
   24 | #include "stm32f407xx.h"
      |          ^~~~~~~~~~~~~~~
compilation terminated.
make: *** [Src/subdir.mk:25: Src/main.o] Error 1
make: *** Waiting for unfinished jobs....
"make -j12 all" terminated with exit code 2. Build might be incomplete.
20:09:46 **** Incremental Build of configuration Debug for project stm32f4xx_drivers ****
make -j12 all 
arm-none-eabi-gcc "../Src/main.c" -mcpu=cortex-m4 -std=gnu11 -g3 -DDEBUG -DSTM32 -DSTM32F407G_DISC1 -DSTM32F4 -DSTM32F407VGTx -c -I../Inc -I"H:/udemy/MCU1/Learn_bare_metal_driver_development_using_Embedded_C_MCU1/stm32f4xx_drivers/drivers/inc" -O0 -ffunction-sections -fdata-sections -Wall -fstack-usage -fcyclomatic-complexity -MMD -MP -MF"Src/main.d" -MT"Src/main.o" --specs=nano.specs -mfpu=fpv4-sp-d16 -mfloat-abi=hard -mthumb -o "Src/main.o"
arm-none-eabi-gcc "../Src/syscalls.c" -mcpu=cortex-m4 -std=gnu11 -g3 -DDEBUG -DSTM32 -DSTM32F407G_DISC1 -DSTM32F4 -DSTM32F407VGTx -c -I../Inc -I"H:/udemy/MCU1/Learn_bare_metal_driver_development_using_Embedded_C_MCU1/stm32f4xx_drivers/drivers/inc" -O0 -ffunction-sections -fdata-sections -Wall -fstack-usage -fcyclomatic-complexity -MMD -MP -MF"Src/syscalls.d" -MT"Src/syscalls.o" --specs=nano.specs -mfpu=fpv4-sp-d16 -mfloat-abi=hard -mthumb -o "Src/syscalls.o"
arm-none-eabi-gcc "../Src/sysmem.c" -mcpu=cortex-m4 -std=gnu11 -g3 -DDEBUG -DSTM32 -DSTM32F407G_DISC1 -DSTM32F4 -DSTM32F407VGTx -c -I../Inc -I"H:/udemy/MCU1/Learn_bare_metal_driver_development_using_Embedded_C_MCU1/stm32f4xx_drivers/drivers/inc" -O0 -ffunction-sections -fdata-sections -Wall -fstack-usage -fcyclomatic-complexity -MMD -MP -MF"Src/sysmem.d" -MT"Src/sysmem.o" --specs=nano.specs -mfpu=fpv4-sp-d16 -mfloat-abi=hard -mthumb -o "Src/sysmem.o"
../Src/main.c:22:4: warning: #warning "FPU is not initialized, but the project is compiling for an FPU. Please initialize the FPU before use." [-Wcpp]
   22 |   #warning "FPU is not initialized, but the project is compiling for an FPU. Please initialize the FPU before use."
      |    ^~~~~~~
arm-none-eabi-gcc -o "stm32f4xx_drivers.elf" @"objects.list"   -mcpu=cortex-m4 -T"H:\udemy\MCU1\Learn_bare_metal_driver_development_using_Embedded_C_MCU1\stm32f4xx_drivers\STM32F407VGTX_FLASH.ld" --specs=nosys.specs -Wl,-Map="stm32f4xx_drivers.map" -Wl,--gc-sections -static --specs=nano.specs -mfpu=fpv4-sp-d16 -mfloat-abi=hard -mthumb -Wl,--start-group -lc -lm -Wl,--end-group
Finished building target: stm32f4xx_drivers.elf
 
arm-none-eabi-size  stm32f4xx_drivers.elf 
arm-none-eabi-objdump -h -S stm32f4xx_drivers.elf  > "stm32f4xx_drivers.list"
   text	   data	    bss	    dec	    hex	filename
    652	      0	   1568	   2220	    8ac	stm32f4xx_drivers.elf
Finished building: default.size.stdout
 
Finished building: stm32f4xx_drivers.list
 
20:11:21 **** Incremental Build of configuration Debug for project stm32f4xx_drivers ****
make -j12 all 
arm-none-eabi-gcc -mcpu=cortex-m4 -g3 -DDEBUG -c -x assembler-with-cpp -MMD -MP -MF"Startup/startup_stm32f407vgtx.d" -MT"Startup/startup_stm32f407vgtx.o" --specs=nano.specs -mfloat-abi=soft -mthumb -o "Startup/startup_stm32f407vgtx.o" "../Startup/startup_stm32f407vgtx.s"
arm-none-eabi-gcc "../Src/main.c" -mcpu=cortex-m4 -std=gnu11 -g3 -DDEBUG -DSTM32 -DSTM32F407G_DISC1 -DSTM32F4 -DSTM32F407VGTx -c -I../Inc -I"H:/udemy/MCU1/Learn_bare_metal_driver_development_using_Embedded_C_MCU1/stm32f4xx_drivers/drivers/inc" -O0 -ffunction-sections -fdata-sections -Wall -fstack-usage -fcyclomatic-complexity -MMD -MP -MF"Src/main.d" -MT"Src/main.o" --specs=nano.specs -mfloat-abi=soft -mthumb -o "Src/main.o"
arm-none-eabi-gcc "../Src/syscalls.c" -mcpu=cortex-m4 -std=gnu11 -g3 -DDEBUG -DSTM32 -DSTM32F407G_DISC1 -DSTM32F4 -DSTM32F407VGTx -c -I../Inc -I"H:/udemy/MCU1/Learn_bare_metal_driver_development_using_Embedded_C_MCU1/stm32f4xx_drivers/drivers/inc" -O0 -ffunction-sections -fdata-sections -Wall -fstack-usage -fcyclomatic-complexity -MMD -MP -MF"Src/syscalls.d" -MT"Src/syscalls.o" --specs=nano.specs -mfloat-abi=soft -mthumb -o "Src/syscalls.o"
arm-none-eabi-gcc "../Src/sysmem.c" -mcpu=cortex-m4 -std=gnu11 -g3 -DDEBUG -DSTM32 -DSTM32F407G_DISC1 -DSTM32F4 -DSTM32F407VGTx -c -I../Inc -I"H:/udemy/MCU1/Learn_bare_metal_driver_development_using_Embedded_C_MCU1/stm32f4xx_drivers/drivers/inc" -O0 -ffunction-sections -fdata-sections -Wall -fstack-usage -fcyclomatic-complexity -MMD -MP -MF"Src/sysmem.d" -MT"Src/sysmem.o" --specs=nano.specs -mfloat-abi=soft -mthumb -o "Src/sysmem.o"
arm-none-eabi-gcc -o "stm32f4xx_drivers.elf" @"objects.list"   -mcpu=cortex-m4 -T"H:\udemy\MCU1\Learn_bare_metal_driver_development_using_Embedded_C_MCU1\stm32f4xx_drivers\STM32F407VGTX_FLASH.ld" --specs=nosys.specs -Wl,-Map="stm32f4xx_drivers.map" -Wl,--gc-sections -static --specs=nano.specs -mfloat-abi=soft -mthumb -Wl,--start-group -lc -lm -Wl,--end-group
Finished building target: stm32f4xx_drivers.elf
 
arm-none-eabi-size  stm32f4xx_drivers.elf 
arm-none-eabi-objdump -h -S stm32f4xx_drivers.elf  > "stm32f4xx_drivers.list"
   text	   data	    bss	    dec	    hex	filename
    652	      0	   1568	   2220	    8ac	stm32f4xx_drivers.elf
Finished building: default.size.stdout
 
Finished building: stm32f4xx_drivers.list
 
20:11:55 **** Incremental Build of configuration Debug for project stm32f4xx_drivers ****
make -j12 all 
arm-none-eabi-gcc "../drivers/src/stm32f407xx_gpio_driver.c" -mcpu=cortex-m4 -std=gnu11 -g3 -DDEBUG -DSTM32 -DSTM32F407G_DISC1 -DSTM32F4 -DSTM32F407VGTx -c -I../Inc -I"H:/udemy/MCU1/Learn_bare_metal_driver_development_using_Embedded_C_MCU1/stm32f4xx_drivers/drivers/inc" -O0 -ffunction-sections -fdata-sections -Wall -fstack-usage -fcyclomatic-complexity -MMD -MP -MF"drivers/src/stm32f407xx_gpio_driver.d" -MT"drivers/src/stm32f407xx_gpio_driver.o" --specs=nano.specs -mfloat-abi=soft -mthumb -o "drivers/src/stm32f407xx_gpio_driver.o"
arm-none-eabi-gcc "../Src/main.c" -mcpu=cortex-m4 -std=gnu11 -g3 -DDEBUG -DSTM32 -DSTM32F407G_DISC1 -DSTM32F4 -DSTM32F407VGTx -c -I../Inc -I"H:/udemy/MCU1/Learn_bare_metal_driver_development_using_Embedded_C_MCU1/stm32f4xx_drivers/drivers/inc" -O0 -ffunction-sections -fdata-sections -Wall -fstack-usage -fcyclomatic-complexity -MMD -MP -MF"Src/main.d" -MT"Src/main.o" --specs=nano.specs -mfloat-abi=soft -mthumb -o "Src/main.o"
In file included from ../drivers/src/stm32f407xx_gpio_driver.c:9:
H:/udemy/MCU1/Learn_bare_metal_driver_development_using_Embedded_C_MCU1/stm32f4xx_drivers/drivers/inc/stm32f407xx_gpio_driver.h:52:1: error: unknown type name 'vodi'; did you mean 'void'?
   52 | vodi GPIO_DeInit(void);
      | ^~~~
      | void
make: *** [drivers/src/subdir.mk:19: drivers/src/stm32f407xx_gpio_driver.o] Error 1
make: *** Waiting for unfinished jobs....
"make -j12 all" terminated with exit code 2. Build might be incomplete.
20:12:56 **** Incremental Build of configuration Debug for project stm32f4xx_drivers ****
make -j12 all 
arm-none-eabi-gcc "../drivers/src/stm32f407xx_gpio_driver.c" -mcpu=cortex-m4 -std=gnu11 -g3 -DDEBUG -DSTM32 -DSTM32F407G_DISC1 -DSTM32F4 -DSTM32F407VGTx -c -I../Inc -I"H:/udemy/MCU1/Learn_bare_metal_driver_development_using_Embedded_C_MCU1/stm32f4xx_drivers/drivers/inc" -O0 -ffunction-sections -fdata-sections -Wall -fstack-usage -fcyclomatic-complexity -MMD -MP -MF"drivers/src/stm32f407xx_gpio_driver.d" -MT"drivers/src/stm32f407xx_gpio_driver.o" --specs=nano.specs -mfloat-abi=soft -mthumb -o "drivers/src/stm32f407xx_gpio_driver.o"
arm-none-eabi-gcc "../Src/main.c" -mcpu=cortex-m4 -std=gnu11 -g3 -DDEBUG -DSTM32 -DSTM32F407G_DISC1 -DSTM32F4 -DSTM32F407VGTx -c -I../Inc -I"H:/udemy/MCU1/Learn_bare_metal_driver_development_using_Embedded_C_MCU1/stm32f4xx_drivers/drivers/inc" -O0 -ffunction-sections -fdata-sections -Wall -fstack-usage -fcyclomatic-complexity -MMD -MP -MF"Src/main.d" -MT"Src/main.o" --specs=nano.specs -mfloat-abi=soft -mthumb -o "Src/main.o"
arm-none-eabi-gcc "../Src/syscalls.c" -mcpu=cortex-m4 -std=gnu11 -g3 -DDEBUG -DSTM32 -DSTM32F407G_DISC1 -DSTM32F4 -DSTM32F407VGTx -c -I../Inc -I"H:/udemy/MCU1/Learn_bare_metal_driver_development_using_Embedded_C_MCU1/stm32f4xx_drivers/drivers/inc" -O0 -ffunction-sections -fdata-sections -Wall -fstack-usage -fcyclomatic-complexity -MMD -MP -MF"Src/syscalls.d" -MT"Src/syscalls.o" --specs=nano.specs -mfloat-abi=soft -mthumb -o "Src/syscalls.o"
arm-none-eabi-gcc "../Src/sysmem.c" -mcpu=cortex-m4 -std=gnu11 -g3 -DDEBUG -DSTM32 -DSTM32F407G_DISC1 -DSTM32F4 -DSTM32F407VGTx -c -I../Inc -I"H:/udemy/MCU1/Learn_bare_metal_driver_development_using_Embedded_C_MCU1/stm32f4xx_drivers/drivers/inc" -O0 -ffunction-sections -fdata-sections -Wall -fstack-usage -fcyclomatic-complexity -MMD -MP -MF"Src/sysmem.d" -MT"Src/sysmem.o" --specs=nano.specs -mfloat-abi=soft -mthumb -o "Src/sysmem.o"
In file included from ../drivers/src/stm32f407xx_gpio_driver.c:9:
H:/udemy/MCU1/Learn_bare_metal_driver_development_using_Embedded_C_MCU1/stm32f4xx_drivers/drivers/inc/stm32f407xx_gpio_driver.h:52:1: error: unknown type name 'vodi'; did you mean 'void'?
   52 | vodi GPIO_DeInit(void);
      | ^~~~
      | void
make: *** [drivers/src/subdir.mk:19: drivers/src/stm32f407xx_gpio_driver.o] Error 1
make: *** Waiting for unfinished jobs....
"make -j12 all" terminated with exit code 2. Build might be incomplete.
20:13:09 **** Incremental Build of configuration Debug for project stm32f4xx_drivers ****
make -j12 all 
arm-none-eabi-gcc "../drivers/src/stm32f407xx_gpio_driver.c" -mcpu=cortex-m4 -std=gnu11 -g3 -DDEBUG -DSTM32 -DSTM32F407G_DISC1 -DSTM32F4 -DSTM32F407VGTx -c -I../Inc -I"H:/udemy/MCU1/Learn_bare_metal_driver_development_using_Embedded_C_MCU1/stm32f4xx_drivers/drivers/inc" -O0 -ffunction-sections -fdata-sections -Wall -fstack-usage -fcyclomatic-complexity -MMD -MP -MF"drivers/src/stm32f407xx_gpio_driver.d" -MT"drivers/src/stm32f407xx_gpio_driver.o" --specs=nano.specs -mfloat-abi=soft -mthumb -o "drivers/src/stm32f407xx_gpio_driver.o"
arm-none-eabi-gcc -o "stm32f4xx_drivers.elf" @"objects.list"   -mcpu=cortex-m4 -T"H:\udemy\MCU1\Learn_bare_metal_driver_development_using_Embedded_C_MCU1\stm32f4xx_drivers\STM32F407VGTX_FLASH.ld" --specs=nosys.specs -Wl,-Map="stm32f4xx_drivers.map" -Wl,--gc-sections -static --specs=nano.specs -mfloat-abi=soft -mthumb -Wl,--start-group -lc -lm -Wl,--end-group
Finished building target: stm32f4xx_drivers.elf
 
arm-none-eabi-size  stm32f4xx_drivers.elf 
arm-none-eabi-objdump -h -S stm32f4xx_drivers.elf  > "stm32f4xx_drivers.list"
   text	   data	    bss	    dec	    hex	filename
    652	      0	   1568	   2220	    8ac	stm32f4xx_drivers.elf
Finished building: default.size.stdout
 
Finished building: stm32f4xx_drivers.list
 
22:52:58 **** Incremental Build of configuration Debug for project stm32f4xx_drivers ****
make -j12 all 
arm-none-eabi-gcc "../drivers/src/stm32f407xx_gpio_driver.c" -mcpu=cortex-m4 -std=gnu11 -g3 -DDEBUG -DSTM32 -DSTM32F407G_DISC1 -DSTM32F4 -DSTM32F407VGTx -c -I../Inc -I"H:/udemy/MCU1/Learn_bare_metal_driver_development_using_Embedded_C_MCU1/stm32f4xx_drivers/drivers/inc" -O0 -ffunction-sections -fdata-sections -Wall -fstack-usage -fcyclomatic-complexity -MMD -MP -MF"drivers/src/stm32f407xx_gpio_driver.d" -MT"drivers/src/stm32f407xx_gpio_driver.o" --specs=nano.specs -mfloat-abi=soft -mthumb -o "drivers/src/stm32f407xx_gpio_driver.o"
arm-none-eabi-gcc "../Src/main.c" -mcpu=cortex-m4 -std=gnu11 -g3 -DDEBUG -DSTM32 -DSTM32F407G_DISC1 -DSTM32F4 -DSTM32F407VGTx -c -I../Inc -I"H:/udemy/MCU1/Learn_bare_metal_driver_development_using_Embedded_C_MCU1/stm32f4xx_drivers/drivers/inc" -O0 -ffunction-sections -fdata-sections -Wall -fstack-usage -fcyclomatic-complexity -MMD -MP -MF"Src/main.d" -MT"Src/main.o" --specs=nano.specs -mfloat-abi=soft -mthumb -o "Src/main.o"
arm-none-eabi-gcc -o "stm32f4xx_drivers.elf" @"objects.list"   -mcpu=cortex-m4 -T"H:\udemy\MCU1\Learn_bare_metal_driver_development_using_Embedded_C_MCU1\stm32f4xx_drivers\STM32F407VGTX_FLASH.ld" --specs=nosys.specs -Wl,-Map="stm32f4xx_drivers.map" -Wl,--gc-sections -static --specs=nano.specs -mfloat-abi=soft -mthumb -Wl,--start-group -lc -lm -Wl,--end-group
Finished building target: stm32f4xx_drivers.elf
 
arm-none-eabi-size  stm32f4xx_drivers.elf 
arm-none-eabi-objdump -h -S stm32f4xx_drivers.elf  > "stm32f4xx_drivers.list"
   text	   data	    bss	    dec	    hex	filename
    652	      0	   1568	   2220	    8ac	stm32f4xx_drivers.elf
Finished building: default.size.stdout
 
Finished building: stm32f4xx_drivers.list
 
22:29:18 **** Clean-only build of configuration Debug for project stm32f4xx_drivers ****
make -j12 clean 
rm -rf ./drivers/src/stm32f407xx_gpio_driver.cyclo ./drivers/src/stm32f407xx_gpio_driver.d ./drivers/src/stm32f407xx_gpio_driver.o ./drivers/src/stm32f407xx_gpio_driver.su
rm -rf ./Startup/startup_stm32f407vgtx.d ./Startup/startup_stm32f407vgtx.o
rm -rf ./Src/main.cyclo ./Src/main.d ./Src/main.o ./Src/main.su ./Src/syscalls.cyclo ./Src/syscalls.d ./Src/syscalls.o ./Src/syscalls.su ./Src/sysmem.cyclo ./Src/sysmem.d ./Src/sysmem.o ./Src/sysmem.su
rm -rf default.size.stdout stm32f4xx_drivers.elf stm32f4xx_drivers.list stm32f4xx_drivers.map
 
22:29:19 **** Incremental Build of configuration Debug for project stm32f4xx_drivers ****
make -j12 all 
arm-none-eabi-gcc "../drivers/src/stm32f407xx_gpio_driver.c" -mcpu=cortex-m4 -std=gnu11 -g3 -DDEBUG -DSTM32 -DSTM32F407G_DISC1 -DSTM32F4 -DSTM32F407VGTx -c -I../Inc -I"H:/udemy/MCU1/Learn_bare_metal_driver_development_using_Embedded_C_MCU1/stm32f4xx_drivers/drivers/inc" -O0 -ffunction-sections -fdata-sections -Wall -fstack-usage -fcyclomatic-complexity -MMD -MP -MF"drivers/src/stm32f407xx_gpio_driver.d" -MT"drivers/src/stm32f407xx_gpio_driver.o" --specs=nano.specs -mfloat-abi=soft -mthumb -o "drivers/src/stm32f407xx_gpio_driver.o"
arm-none-eabi-gcc -mcpu=cortex-m4 -g3 -DDEBUG -c -x assembler-with-cpp -MMD -MP -MF"Startup/startup_stm32f407vgtx.d" -MT"Startup/startup_stm32f407vgtx.o" --specs=nano.specs -mfloat-abi=soft -mthumb -o "Startup/startup_stm32f407vgtx.o" "../Startup/startup_stm32f407vgtx.s"
arm-none-eabi-gcc "../Src/001.LED_Toggle.c" -mcpu=cortex-m4 -std=gnu11 -g3 -DDEBUG -DSTM32 -DSTM32F407G_DISC1 -DSTM32F4 -DSTM32F407VGTx -c -I../Inc -I"H:/udemy/MCU1/Learn_bare_metal_driver_development_using_Embedded_C_MCU1/stm32f4xx_drivers/drivers/inc" -O0 -ffunction-sections -fdata-sections -Wall -fstack-usage -fcyclomatic-complexity -MMD -MP -MF"Src/001.LED_Toggle.d" -MT"Src/001.LED_Toggle.o" --specs=nano.specs -mfloat-abi=soft -mthumb -o "Src/001.LED_Toggle.o"
arm-none-eabi-gcc "../Src/syscalls.c" -mcpu=cortex-m4 -std=gnu11 -g3 -DDEBUG -DSTM32 -DSTM32F407G_DISC1 -DSTM32F4 -DSTM32F407VGTx -c -I../Inc -I"H:/udemy/MCU1/Learn_bare_metal_driver_development_using_Embedded_C_MCU1/stm32f4xx_drivers/drivers/inc" -O0 -ffunction-sections -fdata-sections -Wall -fstack-usage -fcyclomatic-complexity -MMD -MP -MF"Src/syscalls.d" -MT"Src/syscalls.o" --specs=nano.specs -mfloat-abi=soft -mthumb -o "Src/syscalls.o"
arm-none-eabi-gcc "../Src/sysmem.c" -mcpu=cortex-m4 -std=gnu11 -g3 -DDEBUG -DSTM32 -DSTM32F407G_DISC1 -DSTM32F4 -DSTM32F407VGTx -c -I../Inc -I"H:/udemy/MCU1/Learn_bare_metal_driver_development_using_Embedded_C_MCU1/stm32f4xx_drivers/drivers/inc" -O0 -ffunction-sections -fdata-sections -Wall -fstack-usage -fcyclomatic-complexity -MMD -MP -MF"Src/sysmem.d" -MT"Src/sysmem.o" --specs=nano.specs -mfloat-abi=soft -mthumb -o "Src/sysmem.o"
arm-none-eabi-gcc -o "stm32f4xx_drivers.elf" @"objects.list"   -mcpu=cortex-m4 -T"H:\udemy\MCU1\Learn_bare_metal_driver_development_using_Embedded_C_MCU1\stm32f4xx_drivers\STM32F407VGTX_FLASH.ld" --specs=nosys.specs -Wl,-Map="stm32f4xx_drivers.map" -Wl,--gc-sections -static --specs=nano.specs -mfloat-abi=soft -mthumb -Wl,--start-group -lc -lm -Wl,--end-group
Finished building target: stm32f4xx_drivers.elf
 
arm-none-eabi-size  stm32f4xx_drivers.elf 
arm-none-eabi-objdump -h -S stm32f4xx_drivers.elf  > "stm32f4xx_drivers.list"
   text	   data	    bss	    dec	    hex	filename
   1704	      0	   1568	   3272	    cc8	stm32f4xx_drivers.elf
Finished building: default.size.stdout
 
Finished building: stm32f4xx_drivers.list
 
22:29:54 **** Incremental Build of configuration Debug for project stm32f4xx_drivers ****
make -j12 all 
arm-none-eabi-size  stm32f4xx_drivers.elf 
   text	   data	    bss	    dec	    hex	filename
   1704	      0	   1568	   3272	    cc8	stm32f4xx_drivers.elf
Finished building: default.size.stdout
 
22:30:26 **** Incremental Build of configuration Debug for project stm32f4xx_drivers ****
make -j12 all 
arm-none-eabi-gcc "../Src/001.LED_Toggle.c" -mcpu=cortex-m4 -std=gnu11 -g3 -DDEBUG -DSTM32 -DSTM32F407G_DISC1 -DSTM32F4 -DSTM32F407VGTx -c -I../Inc -I"H:/udemy/MCU1/Learn_bare_metal_driver_development_using_Embedded_C_MCU1/stm32f4xx_drivers/drivers/inc" -O0 -ffunction-sections -fdata-sections -Wall -fstack-usage -fcyclomatic-complexity -MMD -MP -MF"Src/001.LED_Toggle.d" -MT"Src/001.LED_Toggle.o" --specs=nano.specs -mfloat-abi=soft -mthumb -o "Src/001.LED_Toggle.o"
arm-none-eabi-gcc -o "stm32f4xx_drivers.elf" @"objects.list"   -mcpu=cortex-m4 -T"H:\udemy\MCU1\Learn_bare_metal_driver_development_using_Embedded_C_MCU1\stm32f4xx_drivers\STM32F407VGTX_FLASH.ld" --specs=nosys.specs -Wl,-Map="stm32f4xx_drivers.map" -Wl,--gc-sections -static --specs=nano.specs -mfloat-abi=soft -mthumb -Wl,--start-group -lc -lm -Wl,--end-group
Finished building target: stm32f4xx_drivers.elf
 
arm-none-eabi-size  stm32f4xx_drivers.elf 
arm-none-eabi-objdump -h -S stm32f4xx_drivers.elf  > "stm32f4xx_drivers.list"
   text	   data	    bss	    dec	    hex	filename
   1704	      0	   1568	   3272	    cc8	stm32f4xx_drivers.elf
Finished building: default.size.stdout
 
Finished building: stm32f4xx_drivers.list
 
22:30:51 **** Incremental Build of configuration Debug for project stm32f4xx_drivers ****
make -j12 all 
arm-none-eabi-gcc "../Src/001.LED_Toggle.c" -mcpu=cortex-m4 -std=gnu11 -g3 -DDEBUG -DSTM32 -DSTM32F407G_DISC1 -DSTM32F4 -DSTM32F407VGTx -c -I../Inc -I"H:/udemy/MCU1/Learn_bare_metal_driver_development_using_Embedded_C_MCU1/stm32f4xx_drivers/drivers/inc" -O0 -ffunction-sections -fdata-sections -Wall -fstack-usage -fcyclomatic-complexity -MMD -MP -MF"Src/001.LED_Toggle.d" -MT"Src/001.LED_Toggle.o" --specs=nano.specs -mfloat-abi=soft -mthumb -o "Src/001.LED_Toggle.o"
arm-none-eabi-gcc -o "stm32f4xx_drivers.elf" @"objects.list"   -mcpu=cortex-m4 -T"H:\udemy\MCU1\Learn_bare_metal_driver_development_using_Embedded_C_MCU1\stm32f4xx_drivers\STM32F407VGTX_FLASH.ld" --specs=nosys.specs -Wl,-Map="stm32f4xx_drivers.map" -Wl,--gc-sections -static --specs=nano.specs -mfloat-abi=soft -mthumb -Wl,--start-group -lc -lm -Wl,--end-group
Finished building target: stm32f4xx_drivers.elf
 
arm-none-eabi-size  stm32f4xx_drivers.elf 
arm-none-eabi-objdump -h -S stm32f4xx_drivers.elf  > "stm32f4xx_drivers.list"
   text	   data	    bss	    dec	    hex	filename
   1704	      0	   1568	   3272	    cc8	stm32f4xx_drivers.elf
Finished building: default.size.stdout
 
Finished building: stm32f4xx_drivers.list
 
18:22:18 **** Build of configuration Debug for project stm32f4xx_drivers ****
make -j12 all 
arm-none-eabi-gcc "../drivers/src/stm32f407xx_gpio_driver.c" -mcpu=cortex-m4 -std=gnu11 -g3 -DDEBUG -DSTM32 -DSTM32F407G_DISC1 -DSTM32F4 -DSTM32F407VGTx -c -I../Inc -I"H:/Git_Learn_bare_metal_driver_development_using_Embedded_C_MCU1/stm32f4xx_drivers/drivers/inc" -O0 -ffunction-sections -fdata-sections -Wall -fstack-usage -fcyclomatic-complexity -MMD -MP -MF"drivers/src/stm32f407xx_gpio_driver.d" -MT"drivers/src/stm32f407xx_gpio_driver.o" --specs=nano.specs -mfloat-abi=soft -mthumb -o "drivers/src/stm32f407xx_gpio_driver.o"
arm-none-eabi-gcc "../drivers/src/stm32f407xx_spi_driver.c" -mcpu=cortex-m4 -std=gnu11 -g3 -DDEBUG -DSTM32 -DSTM32F407G_DISC1 -DSTM32F4 -DSTM32F407VGTx -c -I../Inc -I"H:/Git_Learn_bare_metal_driver_development_using_Embedded_C_MCU1/stm32f4xx_drivers/drivers/inc" -O0 -ffunction-sections -fdata-sections -Wall -fstack-usage -fcyclomatic-complexity -MMD -MP -MF"drivers/src/stm32f407xx_spi_driver.d" -MT"drivers/src/stm32f407xx_spi_driver.o" --specs=nano.specs -mfloat-abi=soft -mthumb -o "drivers/src/stm32f407xx_spi_driver.o"
arm-none-eabi-gcc -mcpu=cortex-m4 -g3 -DDEBUG -c -x assembler-with-cpp -MMD -MP -MF"Startup/startup_stm32f407vgtx.d" -MT"Startup/startup_stm32f407vgtx.o" --specs=nano.specs -mfloat-abi=soft -mthumb -o "Startup/startup_stm32f407vgtx.o" "../Startup/startup_stm32f407vgtx.s"
arm-none-eabi-gcc "../Src/008.SPI_CMD_Handling.c" -mcpu=cortex-m4 -std=gnu11 -g3 -DDEBUG -DSTM32 -DSTM32F407G_DISC1 -DSTM32F4 -DSTM32F407VGTx -c -I../Inc -I"H:/Git_Learn_bare_metal_driver_development_using_Embedded_C_MCU1/stm32f4xx_drivers/drivers/inc" -O0 -ffunction-sections -fdata-sections -Wall -fstack-usage -fcyclomatic-complexity -MMD -MP -MF"Src/008.SPI_CMD_Handling.d" -MT"Src/008.SPI_CMD_Handling.o" --specs=nano.specs -mfloat-abi=soft -mthumb -o "Src/008.SPI_CMD_Handling.o"
arm-none-eabi-gcc "../Src/syscalls.c" -mcpu=cortex-m4 -std=gnu11 -g3 -DDEBUG -DSTM32 -DSTM32F407G_DISC1 -DSTM32F4 -DSTM32F407VGTx -c -I../Inc -I"H:/Git_Learn_bare_metal_driver_development_using_Embedded_C_MCU1/stm32f4xx_drivers/drivers/inc" -O0 -ffunction-sections -fdata-sections -Wall -fstack-usage -fcyclomatic-complexity -MMD -MP -MF"Src/syscalls.d" -MT"Src/syscalls.o" --specs=nano.specs -mfloat-abi=soft -mthumb -o "Src/syscalls.o"
arm-none-eabi-gcc "../Src/sysmem.c" -mcpu=cortex-m4 -std=gnu11 -g3 -DDEBUG -DSTM32 -DSTM32F407G_DISC1 -DSTM32F4 -DSTM32F407VGTx -c -I../Inc -I"H:/Git_Learn_bare_metal_driver_development_using_Embedded_C_MCU1/stm32f4xx_drivers/drivers/inc" -O0 -ffunction-sections -fdata-sections -Wall -fstack-usage -fcyclomatic-complexity -MMD -MP -MF"Src/sysmem.d" -MT"Src/sysmem.o" --specs=nano.specs -mfloat-abi=soft -mthumb -o "Src/sysmem.o"
arm-none-eabi-gcc -o "stm32f4xx_drivers.elf" @"objects.list"   -mcpu=cortex-m4 -T"H:\Git_Learn_bare_metal_driver_development_using_Embedded_C_MCU1\stm32f4xx_drivers\STM32F407VGTX_FLASH.ld" --specs=nosys.specs -Wl,-Map="stm32f4xx_drivers.map" -Wl,--gc-sections -static --specs=nano.specs -mfloat-abi=soft -mthumb -Wl,--start-group -lc -lm -Wl,--end-group
Finished building target: stm32f4xx_drivers.elf
 
arm-none-eabi-size  stm32f4xx_drivers.elf 
arm-none-eabi-objdump -h -S stm32f4xx_drivers.elf  > "stm32f4xx_drivers.list"
   text	   data	    bss	    dec	    hex	filename
   8064	     92	   1900	  10056	   2748	stm32f4xx_drivers.elf
Finished building: default.size.stdout
 
Finished building: stm32f4xx_drivers.list
 
