18:22:18 **** Build of configuration Debug for project stm32f4xx_drivers ****
make -j12 all 
arm-none-eabi-gcc "../drivers/src/stm32f407xx_gpio_driver.c" -mcpu=cortex-m4 -std=gnu11 -g3 -DDEBUG -DSTM32 -DSTM32F407G_DISC1 -DSTM32F4 -DSTM32F407VGTx -c -I../Inc -I"H:/Git_Learn_bare_metal_driver_development_using_Embedded_C_MCU1/stm32f4xx_drivers/drivers/inc" -O0 -ffunction-sections -fdata-sections -Wall -fstack-usage -fcyclomatic-complexity -MMD -MP -MF"drivers/src/stm32f407xx_gpio_driver.d" -MT"drivers/src/stm32f407xx_gpio_driver.o" --specs=nano.specs -mfloat-abi=soft -mthumb -o "drivers/src/stm32f407xx_gpio_driver.o"
arm-none-eabi-gcc "../drivers/src/stm32f407xx_spi_driver.c" -mcpu=cortex-m4 -std=gnu11 -g3 -DDEBUG -DSTM32 -DSTM32F407G_DISC1 -DSTM32F4 -DSTM32F407VGTx -c -I../Inc -I"H:/Git_Learn_bare_metal_driver_development_using_Embedded_C_MCU1/stm32f4xx_drivers/drivers/inc" -O0 -ffunction-sections -fdata-sections -Wall -fstack-usage -fcyclomatic-complexity -MMD -MP -MF"drivers/src/stm32f407xx_spi_driver.d" -MT"drivers/src/stm32f407xx_spi_driver.o" --specs=nano.specs -mfloat-abi=soft -mthumb -o "drivers/src/stm32f407xx_spi_driver.o"
arm-none-eabi-gcc -mcpu=cortex-m4 -g3 -DDEBUG -c -x assembler-with-cpp -MMD -MP -MF"Startup/startup_stm32f407vgtx.d" -MT"Startup/startup_stm32f407vgtx.o" --specs=nano.specs -mfloat-abi=soft -mthumb -o "Startup/startup_stm32f407vgtx.o" "../Startup/startup_stm32f407vgtx.s"
arm-none-eabi-gcc "../Src/008.SPI_CMD_Handling.c" -mcpu=cortex-m4 -std=gnu11 -g3 -DDEBUG -DSTM32 -DSTM32F407G_DISC1 -DSTM32F4 -DSTM32F407VGTx -c -I../Inc -I"H:/Git_Learn_bare_metal_driver_development_using_Embedded_C_MCU1/stm32f4xx_drivers/drivers/inc" -O0 -ffunction-sections -fdata-sections -Wall -fstack-usage -fcyclomatic-complexity -MMD -MP -MF"Src/008.SPI_CMD_Handling.d" -MT"Src/008.SPI_CMD_Handling.o" --specs=nano.specs -mfloat-abi=soft -mthumb -o "Src/008.SPI_CMD_Handling.o"
arm-none-eabi-gcc "../Src/syscalls.c" -mcpu=cortex-m4 -std=gnu11 -g3 -DDEBUG -DSTM32 -DSTM32F407G_DISC1 -DSTM32F4 -DSTM32F407VGTx -c -I../Inc -I"H:/Git_Learn_bare_metal_driver_development_using_Embedded_C_MCU1/stm32f4xx_drivers/drivers/inc" -O0 -ffunction-sections -fdata-sections -Wall -fstack-usage -fcyclomatic-complexity -MMD -MP -MF"Src/syscalls.d" -MT"Src/syscalls.o" --specs=nano.specs -mfloat-abi=soft -mthumb -o "Src/syscalls.o"
arm-none-eabi-gcc "../Src/sysmem.c" -mcpu=cortex-m4 -std=gnu11 -g3 -DDEBUG -DSTM32 -DSTM32F407G_DISC1 -DSTM32F4 -DSTM32F407VGTx -c -I../Inc -I"H:/Git_Learn_bare_metal_driver_development_using_Embedded_C_MCU1/stm32f4xx_drivers/drivers/inc" -O0 -ffunction-sections -fdata-sections -Wall -fstack-usage -fcyclomatic-complexity -MMD -MP -MF"Src/sysmem.d" -MT"Src/sysmem.o" --specs=nano.specs -mfloat-abi=soft -mthumb -o "Src/sysmem.o"
arm-none-eabi-gcc -o "stm32f4xx_drivers.elf" @"objects.list"   -mcpu=cortex-m4 -T"H:\Git_Learn_bare_metal_driver_development_using_Embedded_C_MCU1\stm32f4xx_drivers\STM32F407VGTX_FLASH.ld" --specs=nosys.specs -Wl,-Map="stm32f4xx_drivers.map" -Wl,--gc-sections -static --specs=nano.specs -mfloat-abi=soft -mthumb -Wl,--start-group -lc -lm -Wl,--end-group
Finished building target: stm32f4xx_drivers.elf
 
arm-none-eabi-size  stm32f4xx_drivers.elf 
arm-none-eabi-objdump -h -S stm32f4xx_drivers.elf  > "stm32f4xx_drivers.list"
   text	   data	    bss	    dec	    hex	filename
   8064	     92	   1900	  10056	   2748	stm32f4xx_drivers.elf
Finished building: default.size.stdout
 
Finished building: stm32f4xx_drivers.list
 

18:22:19 Build Finished. 0 errors, 0 warnings. (took 1s.623ms)

